// Jest Snapshot v1, https://goo.gl/fbAQLP

exports[`Register Test 1`] = `
<div
  className="MuiPaper-root MuiPaper-elevation10 MuiPaper-rounded"
>
  <div
    className="MuiBox-root MuiBox-root-5"
  >
    <div
      className="MuiBox-root MuiBox-root-6"
    >
      <h5
        className="MuiTypography-root MuiTypography-h4 MuiTypography-colorPrimary MuiTypography-gutterBottom"
      >
        Sign up
      </h5>
    </div>
    <div
      className="MuiBox-root MuiBox-root-7"
    >
      <div
        className="MuiBox-root MuiBox-root-8"
      >
        <div
          className="MuiFormControl-root MuiFormControl-fullWidth"
        >
          <div
            className="MuiFormControl-root MuiTextField-root"
          >
            <label
              className="MuiFormLabel-root MuiFormLabel-colorSecondary MuiInputLabel-root MuiInputLabel-formControl MuiInputLabel-animated Mui-error Mui-error"
              data-shrink={false}
              htmlFor="email"
              id="email-label"
            >
              Email
            </label>
            <div
              className="MuiInputBase-root MuiInput-root MuiInput-underline MuiInputBase-colorSecondary MuiInput-colorSecondary Mui-error Mui-error MuiInputBase-formControl MuiInput-formControl"
              onClick={[Function]}
            >
              <input
                aria-invalid={true}
                autoFocus={false}
                className="MuiInputBase-input MuiInput-input"
                disabled={false}
                id="email"
                onAnimationStart={[Function]}
                onBlur={[Function]}
                onChange={[Function]}
                onFocus={[Function]}
                required={false}
                type="email"
              />
            </div>
            
          </div>
        </div>
      </div>
      <div
        className="MuiBox-root MuiBox-root-9"
      >
        <div
          className="MuiFormControl-root MuiFormControl-fullWidth"
        >
          <div
            className="MuiFormControl-root MuiTextField-root"
          >
            <label
              className="MuiFormLabel-root MuiFormLabel-colorSecondary MuiInputLabel-root MuiInputLabel-formControl MuiInputLabel-animated Mui-error Mui-error"
              data-shrink={false}
              htmlFor="password"
              id="password-label"
            >
              Password
            </label>
            <div
              className="MuiInputBase-root MuiInput-root MuiInput-underline MuiInputBase-colorSecondary MuiInput-colorSecondary Mui-error Mui-error MuiInputBase-formControl MuiInput-formControl"
              onClick={[Function]}
            >
              <input
                aria-invalid={true}
                autoFocus={false}
                className="MuiInputBase-input MuiInput-input"
                disabled={false}
                id="password"
                onAnimationStart={[Function]}
                onBlur={[Function]}
                onChange={[Function]}
                onFocus={[Function]}
                required={false}
                type="password"
              />
            </div>
            
          </div>
        </div>
      </div>
      <div
        className="MuiBox-root MuiBox-root-10"
      >
        <div
          className="MuiFormControl-root MuiFormControl-fullWidth"
        >
          <div
            className="MuiFormControl-root MuiTextField-root"
          >
            <label
              className="MuiFormLabel-root MuiFormLabel-colorSecondary MuiInputLabel-root MuiInputLabel-formControl MuiInputLabel-animated Mui-error Mui-error"
              data-shrink={false}
              htmlFor="confirm_password"
              id="confirm_password-label"
            >
              Confirm password
            </label>
            <div
              className="MuiInputBase-root MuiInput-root MuiInput-underline MuiInputBase-colorSecondary MuiInput-colorSecondary Mui-error Mui-error MuiInputBase-formControl MuiInput-formControl"
              onClick={[Function]}
            >
              <input
                aria-invalid={true}
                autoFocus={false}
                className="MuiInputBase-input MuiInput-input"
                disabled={false}
                id="confirm_password"
                onAnimationStart={[Function]}
                onBlur={[Function]}
                onChange={[Function]}
                onFocus={[Function]}
                required={false}
                type="password"
              />
            </div>
          </div>
        </div>
      </div>
      <div
        className="MuiBox-root MuiBox-root-11"
      >
        <button
          className="MuiButtonBase-root MuiButton-root MuiButton-outlined MuiButton-outlinedPrimary"
          disabled={false}
          onBlur={[Function]}
          onClick={[Function]}
          onDragLeave={[Function]}
          onFocus={[Function]}
          onKeyDown={[Function]}
          onKeyUp={[Function]}
          onMouseDown={[Function]}
          onMouseLeave={[Function]}
          onMouseUp={[Function]}
          onTouchEnd={[Function]}
          onTouchMove={[Function]}
          onTouchStart={[Function]}
          tabIndex={0}
          type="button"
        >
          <span
            className="MuiButton-label"
          >
            Sign up
          </span>
        </button>
      </div>
    </div>
  </div>
</div>
`;
