// Jest Snapshot v1, https://goo.gl/fbAQLP

exports[`Header render 1`] = `
<div
  className="Component-root-1"
>
  <style
    dangerouslySetInnerHTML={
      {
        "__html": ".css-mhx24p-MuiAppBar-root{display:-webkit-box;display:-webkit-flex;display:-ms-flexbox;display:flex;-webkit-flex-direction:column;-ms-flex-direction:column;flex-direction:column;width:100%;box-sizing:border-box;-webkit-flex-shrink:0;-ms-flex-negative:0;flex-shrink:0;position:fixed;z-index:1100;top:0;left:auto;right:0;background-color:#1976d2;color:#fff;}@media print{.css-mhx24p-MuiAppBar-root{position:absolute;}}",
      }
    }
    data-emotion="css mhx24p-MuiAppBar-root"
  />
  <style
    dangerouslySetInnerHTML={
      {
        "__html": ".css-11b3ww9-MuiPaper-root-MuiAppBar-root{background-color:#fff;color:rgba(0, 0, 0, 0.87);-webkit-transition:box-shadow 300ms cubic-bezier(0.4, 0, 0.2, 1) 0ms;transition:box-shadow 300ms cubic-bezier(0.4, 0, 0.2, 1) 0ms;box-shadow:0px 2px 4px -1px rgba(0,0,0,0.2),0px 4px 5px 0px rgba(0,0,0,0.14),0px 1px 10px 0px rgba(0,0,0,0.12);display:-webkit-box;display:-webkit-flex;display:-ms-flexbox;display:flex;-webkit-flex-direction:column;-ms-flex-direction:column;flex-direction:column;width:100%;box-sizing:border-box;-webkit-flex-shrink:0;-ms-flex-negative:0;flex-shrink:0;position:fixed;z-index:1100;top:0;left:auto;right:0;background-color:#1976d2;color:#fff;}@media print{.css-11b3ww9-MuiPaper-root-MuiAppBar-root{position:absolute;}}",
      }
    }
    data-emotion="css 11b3ww9-MuiPaper-root-MuiAppBar-root"
  />
  <header
    className="MuiPaper-root MuiPaper-elevation MuiPaper-elevation4 MuiAppBar-root MuiAppBar-colorPrimary MuiAppBar-positionFixed mui-fixed css-11b3ww9-MuiPaper-root-MuiAppBar-root"
  >
    <style
      dangerouslySetInnerHTML={
        {
          "__html": ".css-hyum1k-MuiToolbar-root{position:relative;display:-webkit-box;display:-webkit-flex;display:-ms-flexbox;display:flex;-webkit-align-items:center;-webkit-box-align:center;-ms-flex-align:center;align-items:center;padding-left:16px;padding-right:16px;min-height:56px;}@media (min-width:600px){.css-hyum1k-MuiToolbar-root{padding-left:24px;padding-right:24px;}}@media (min-width:0px){@media (orientation: landscape){.css-hyum1k-MuiToolbar-root{min-height:48px;}}}@media (min-width:600px){.css-hyum1k-MuiToolbar-root{min-height:64px;}}",
        }
      }
      data-emotion="css hyum1k-MuiToolbar-root"
    />
    <div
      className="MuiToolbar-root MuiToolbar-gutters MuiToolbar-regular css-hyum1k-MuiToolbar-root"
    >
      <style
        dangerouslySetInnerHTML={
          {
            "__html": ".css-1ils2jy-MuiIconButton-root{text-align:center;-webkit-flex:0 0 auto;-ms-flex:0 0 auto;flex:0 0 auto;font-size:1.5rem;padding:8px;border-radius:50%;overflow:visible;color:rgba(0, 0, 0, 0.54);-webkit-transition:background-color 150ms cubic-bezier(0.4, 0, 0.2, 1) 0ms;transition:background-color 150ms cubic-bezier(0.4, 0, 0.2, 1) 0ms;margin-left:-12px;color:inherit;padding:12px;font-size:1.75rem;}.css-1ils2jy-MuiIconButton-root:hover{background-color:rgba(0, 0, 0, 0.04);}@media (hover: none){.css-1ils2jy-MuiIconButton-root:hover{background-color:transparent;}}.css-1ils2jy-MuiIconButton-root.Mui-disabled{background-color:transparent;color:rgba(0, 0, 0, 0.26);}",
          }
        }
        data-emotion="css 1ils2jy-MuiIconButton-root"
      />
      <style
        dangerouslySetInnerHTML={
          {
            "__html": ".css-184mzhy-MuiButtonBase-root-MuiIconButton-root{display:-webkit-inline-box;display:-webkit-inline-flex;display:-ms-inline-flexbox;display:inline-flex;-webkit-align-items:center;-webkit-box-align:center;-ms-flex-align:center;align-items:center;-webkit-box-pack:center;-ms-flex-pack:center;-webkit-justify-content:center;justify-content:center;position:relative;box-sizing:border-box;-webkit-tap-highlight-color:transparent;background-color:transparent;outline:0;border:0;margin:0;border-radius:0;padding:0;cursor:pointer;-webkit-user-select:none;-moz-user-select:none;-ms-user-select:none;user-select:none;vertical-align:middle;-moz-appearance:none;-webkit-appearance:none;-webkit-text-decoration:none;text-decoration:none;color:inherit;text-align:center;-webkit-flex:0 0 auto;-ms-flex:0 0 auto;flex:0 0 auto;font-size:1.5rem;padding:8px;border-radius:50%;overflow:visible;color:rgba(0, 0, 0, 0.54);-webkit-transition:background-color 150ms cubic-bezier(0.4, 0, 0.2, 1) 0ms;transition:background-color 150ms cubic-bezier(0.4, 0, 0.2, 1) 0ms;margin-left:-12px;color:inherit;padding:12px;font-size:1.75rem;}.css-184mzhy-MuiButtonBase-root-MuiIconButton-root::-moz-focus-inner{border-style:none;}.css-184mzhy-MuiButtonBase-root-MuiIconButton-root.Mui-disabled{pointer-events:none;cursor:default;}@media print{.css-184mzhy-MuiButtonBase-root-MuiIconButton-root{-webkit-print-color-adjust:exact;color-adjust:exact;}}.css-184mzhy-MuiButtonBase-root-MuiIconButton-root:hover{background-color:rgba(0, 0, 0, 0.04);}@media (hover: none){.css-184mzhy-MuiButtonBase-root-MuiIconButton-root:hover{background-color:transparent;}}.css-184mzhy-MuiButtonBase-root-MuiIconButton-root.Mui-disabled{background-color:transparent;color:rgba(0, 0, 0, 0.26);}",
          }
        }
        data-emotion="css 184mzhy-MuiButtonBase-root-MuiIconButton-root"
      />
      <button
        aria-label="menu"
        className="MuiButtonBase-root MuiIconButton-root MuiIconButton-colorInherit MuiIconButton-edgeStart MuiIconButton-sizeLarge Component-menuButton-2 css-184mzhy-MuiButtonBase-root-MuiIconButton-root"
        disabled={false}
        onBlur={[Function]}
        onContextMenu={[Function]}
        onDragLeave={[Function]}
        onFocus={[Function]}
        onKeyDown={[Function]}
        onKeyUp={[Function]}
        onMouseDown={[Function]}
        onMouseLeave={[Function]}
        onMouseUp={[Function]}
        onTouchEnd={[Function]}
        onTouchMove={[Function]}
        onTouchStart={[Function]}
        style={
          {
            "display": "",
          }
        }
        tabIndex={0}
        type="button"
      >
        <style
          dangerouslySetInnerHTML={
            {
              "__html": ".css-i4bv87-MuiSvgIcon-root{-webkit-user-select:none;-moz-user-select:none;-ms-user-select:none;user-select:none;width:1em;height:1em;display:inline-block;fill:currentColor;-webkit-flex-shrink:0;-ms-flex-negative:0;flex-shrink:0;-webkit-transition:fill 200ms cubic-bezier(0.4, 0, 0.2, 1) 0ms;transition:fill 200ms cubic-bezier(0.4, 0, 0.2, 1) 0ms;font-size:1.5rem;}",
            }
          }
          data-emotion="css i4bv87-MuiSvgIcon-root"
        />
        <svg
          aria-hidden={true}
          className="MuiSvgIcon-root MuiSvgIcon-fontSizeMedium css-i4bv87-MuiSvgIcon-root"
          data-testid="MenuIcon"
          focusable="false"
          viewBox="0 0 24 24"
        >
          <path
            d="M3 18h18v-2H3v2zm0-5h18v-2H3v2zm0-7v2h18V6H3z"
          />
        </svg>
      </button>
      <style
        dangerouslySetInnerHTML={
          {
            "__html": ".css-2ulfj5-MuiTypography-root{margin:0;font-family:"Roboto","Helvetica","Arial",sans-serif;font-weight:500;font-size:1.25rem;line-height:1.6;letter-spacing:0.0075em;}",
          }
        }
        data-emotion="css 2ulfj5-MuiTypography-root"
      />
      <h6
        className="MuiTypography-root MuiTypography-h6 Component-title-3 css-2ulfj5-MuiTypography-root"
      >
        app
      </h6>
      <div>
        hello
      </div>
    </div>
  </header>
</div>
`;
